// Jest Snapshot v1, https://goo.gl/fbAQLP

exports[`<MaskedSentence /> should match baseline snapshot 1`] = `
<styled.div
  tabIndex="0"
>
  <styled.p />
  <Styled(Icon)
    name="EYE"
  />
</styled.div>
`;
