// Jest Snapshot v1, https://goo.gl/fbAQLP

exports[`<Chip /> should match baseline snapshot 1`] = `
<styled.li
  bgColor="white"
  color="blackLight"
>
  <styled.span>
    text
  </styled.span>
</styled.li>
`;
