// Jest Snapshot v1, https://goo.gl/fbAQLP

exports[`<Icon />  should match baseline snapshot 1`] = `
<styled.span
  color="currentColor"
  display="inline-block"
  size="1.5em"
>
  <styled.svg
    height="100%"
    preserveAspectRatio="xMidYMid meet"
    title="ADD"
    viewBox="0 0 24 24"
    width="100%"
  >
    <path
      d="M12 2C6.48 2 2 6.48 2 12s4.48 10 10 10 10-4.48 10-10S17.52 2 12 2zm5 11h-4v4h-2v-4H7v-2h4V7h2v4h4v2z"
    />
  </styled.svg>
</styled.span>
`;
