// Jest Snapshot v1, https://goo.gl/fbAQLP

exports[`markAllAsDaemon() should match snapshot 1`] = `
Array [
  Object {
    "isDaemon": true,
  },
  Object {
    "isDaemon": true,
  },
]
`;
