// Jest Snapshot v1, https://goo.gl/fbAQLP

exports[`<ReviewAnswer /> should match baseline snapshot 1`] = `<div />`;
