// Jest Snapshot v1, https://goo.gl/fbAQLP

exports[`<VocabEntryDetail /> should match baseline snapshot 1`] = `
<div>
  <p>
    Entry
  </p>
  <pre>
    <code />
  </pre>
  <p>
    Primary
  </p>
  <pre>
    <code />
  </pre>
</div>
`;
